main.c:61:6:__io_putchar	16	static
main.c:82:6:map	24	static
main.c:86:6:timerTask	8	static
main.c:98:5:main	16	static
main.c:182:6:SystemClock_Config	88	static
main.c:236:6:HAL_TIM_PeriodElapsedCallback	16	static
main.c:245:6:HAL_UART_RxCpltCallback	16	static
main.c:281:6:HAL_CAN_RxFifo0MsgPendingCallback	32	static
main.c:316:6:driveWheelTask	24	static
main.c:333:6:initPID	16	static
main.c:345:6:initMecanum	4	static
main.c:353:6:initFriction	16	static
main.c:367:6:initLoadPID	4	static
main.c:378:6:Gimbal_Task	40	static
main.c:410:6:_Error_Handler	16	static
