main.c:58:6:__io_putchar	16	static
main.c:79:6:map	4	static
main.c:188:6:SystemClock_Config	96	static
main.c:240:6:HAL_UART_RxCpltCallback	24	static
main.c:276:6:HAL_CAN_RxFifo0MsgPendingCallback	24	static
main.c:311:6:driveWheelTask	32	static
main.c:328:6:initPID	12	static
main.c:340:6:initMecanum	4	static
main.c:348:6:initFriction	16	static
main.c:94:5:main	16	static
main.c:362:6:initLoadPID	8	static
main.c:373:6:Gimbal_Task	24	static
main.c:83:6:timerTask	32	static
main.c:227:6:HAL_TIM_PeriodElapsedCallback	32	static
main.c:403:6:Error_Handler	0	static
