main.c:62:6:__io_putchar	16	static
main.c:84:6:map	24	static
main.c:98:5:main	40	static
main.c:214:6:SystemClock_Config	88	static
main.c:253:6:HAL_TIM_PeriodElapsedCallback	16	static
main.c:266:6:HAL_UART_RxCpltCallback	16	static
main.c:316:6:HAL_CAN_RxFifo0MsgPendingCallback	32	static
main.c:351:6:driveWheelTask	32	static
main.c:419:6:initPID	16	static
main.c:431:6:initMecanum	4	static
main.c:439:6:initFriction	16	static
main.c:459:6:initLoadPID	4	static
main.c:469:6:timerTask	8	static
main.c:488:6:Gimbal_Task	40	static
main.c:550:6:fire_Task	4	static
main.c:572:6:Error_Handler	4	static
