main.c:62:6:__io_putchar	16	static
main.c:84:6:map	24	static
main.c:98:5:main	40	static
main.c:215:6:SystemClock_Config	88	static
main.c:254:6:HAL_TIM_PeriodElapsedCallback	16	static
main.c:267:6:HAL_UART_RxCpltCallback	16	static
main.c:317:6:HAL_CAN_RxFifo0MsgPendingCallback	32	static
main.c:352:6:driveWheelTask	32	static
main.c:420:6:initPID	16	static
main.c:432:6:initMecanum	4	static
main.c:440:6:initFriction	16	static
main.c:460:6:initLoadPID	4	static
main.c:470:6:timerTask	8	static
main.c:489:6:Gimbal_Task	40	static
main.c:551:6:fire_Task	4	static
main.c:573:6:Error_Handler	4	static
