bsp_imu.c:53:7:inv_sqrt	32	static
bsp_imu.c:79:9:mpu_write_byte	24	static
bsp_imu.c:97:9:mpu_read_byte	24	static
bsp_imu.c:115:9:mpu_read_bytes	24	static
bsp_imu.c:133:13:ist_reg_write_by_mpu	16	static
bsp_imu.c:154:16:ist_reg_read_by_mpu	24	static
bsp_imu.c:174:13:mpu_master_i2c_auto_read_config	16	static
bsp_imu.c:214:9:ist8310_init	8	static
bsp_imu.c:281:6:ist8310_get_data	16	static
bsp_imu.c:293:6:mpu_get_data	8	static
bsp_imu.c:325:9:mpu_set_gyro_fsr	16	static
bsp_imu.c:337:9:mpu_set_accel_fsr	16	static
bsp_imu.c:350:9:mpu_device_init	32	static
bsp_imu.c:384:6:mpu_offset_call	16	static
bsp_imu.c:417:6:init_quaternion	48	static
bsp_imu.c:578:6:imu_ahrs_update	136	static
bsp_imu.c:681:6:imu_attitude_update	104	static
