main.c:62:6:__io_putchar	16	static
main.c:84:6:map	24	static
main.c:88:6:timerTask	8	static
main.c:107:5:main	40	static
main.c:218:6:SystemClock_Config	88	static
main.c:257:6:HAL_TIM_PeriodElapsedCallback	16	static
main.c:270:6:HAL_UART_RxCpltCallback	16	static
main.c:320:6:HAL_CAN_RxFifo0MsgPendingCallback	32	static
main.c:355:6:driveWheelTask	24	static
main.c:372:6:initPID	16	static
main.c:384:6:initMecanum	4	static
main.c:392:6:initFriction	16	static
main.c:412:6:initLoadPID	4	static
main.c:423:6:Gimbal_Task	40	static
main.c:450:6:fire_Task	4	static
main.c:472:6:Error_Handler	4	static
