core_cm4.h:1939:34:__NVIC_SystemReset	0	static,ignoring_inline_asm
main.c:62:6:__io_putchar	16	static
main.c:85:6:map	4	static
main.c:252:6:SystemClock_Config	96	static
main.c:336:6:HAL_UART_RxCpltCallback	32	static
main.c:393:6:HAL_CAN_RxFifo0MsgPendingCallback	24	static
main.c:428:6:driveWheelTask	72	static
main.c:499:6:initMecanum	4	static
main.c:507:6:initFriction	32	static
main.c:102:5:main	24	static
main.c:543:6:initPID	8	static
main.c:555:6:initLoadPID	8	static
main.c:572:6:Gimbal_Task	48	static
main.c:565:6:timerTask	16	static
main.c:291:6:HAL_TIM_PeriodElapsedCallback	16	static
main.c:641:6:fire_Task	0	static
main.c:658:6:fire_task_open	16	static
main.c:686:6:Error_Handler	0	static
