main.c:61:6:__io_putchar	16	static
main.c:83:6:map	4	static
main.c:246:6:HAL_UART_RxCpltCallback	16	static
main.c:282:6:HAL_CAN_RxFifo0MsgPendingCallback	24	static
main.c:317:6:driveWheelTask	24	static
main.c:334:6:initPID	0	static
main.c:346:6:initMecanum	0	static
main.c:354:6:initFriction	8	static
main.c:368:6:initLoadPID	0	static
main.c:379:6:Gimbal_Task	24	static
main.c:87:6:timerTask	8	static
main.c:237:6:HAL_TIM_PeriodElapsedCallback	8	static
main.c:421:6:_Error_Handler	0	static
main.c:183:6:SystemClock_Config	88	static
main.c:99:5:main	16	static
