stm32f4xx_it.c:57:6:NMI_Handler	0	static
stm32f4xx_it.c:70:6:HardFault_Handler	0	static
stm32f4xx_it.c:88:6:MemManage_Handler	0	static
stm32f4xx_it.c:106:6:BusFault_Handler	0	static
stm32f4xx_it.c:124:6:UsageFault_Handler	0	static
stm32f4xx_it.c:142:6:SVC_Handler	0	static
stm32f4xx_it.c:155:6:DebugMon_Handler	0	static
stm32f4xx_it.c:168:6:PendSV_Handler	0	static
stm32f4xx_it.c:181:6:SysTick_Handler	8	static
stm32f4xx_it.c:203:6:CAN1_RX0_IRQHandler	8	static
stm32f4xx_it.c:217:6:CAN1_RX1_IRQHandler	8	static
stm32f4xx_it.c:231:6:USART1_IRQHandler	8	static
stm32f4xx_it.c:245:6:TIM6_DAC_IRQHandler	8	static
stm32f4xx_it.c:259:6:CAN2_RX0_IRQHandler	8	static
stm32f4xx_it.c:273:6:CAN2_RX1_IRQHandler	8	static
stm32f4xx_it.c:287:6:USART6_IRQHandler	8	static
stm32f4xx_it.c:301:6:UART8_IRQHandler	8	static
