disp.h:16:6:setDispUartHandler	16	static
disp.h:21:6:txd	16	static
disp.h:27:6:txvalue0	16	static
disp.h:36:6:dnl	8	static
disp.h:42:6:string	16	static
disp.h:52:5:advancedDisp	64	static
disp.h:76:6:binDisp	32	static
main.c:84:6:timerTask	24	static
main.c:106:5:main	24	static
main.c:188:6:SystemClock_Config	88	static
main.c:227:6:HAL_TIM_PeriodElapsedCallback	16	static
main.c:242:6:HAL_UART_RxCpltCallback	16	static
main.c:261:6:HAL_CAN_RxFifo0MsgPendingCallback	32	static
main.c:296:6:driveWheelTask	24	static
main.c:318:6:initPID	16	static
main.c:330:6:initMecanum	4	static
main.c:338:6:initFriction	16	static
main.c:352:6:initLoadPID	4	static
main.c:367:6:Error_Handler	4	static
