22:03:44 **** Incremental Build of configuration Debug for project F427IIH_Saramander_Hero ****
make -j4 all 
arm-none-eabi-gcc "../Src/main.c" -mcpu=cortex-m4 -std=gnu11 -g3 -DSTM32F427xx -DUSE_HAL_DRIVER -DDEBUG -c -I../Inc -I../Drivers/CMSIS/Include -I../Drivers/STM32F4xx_HAL_Driver/Inc -I../Drivers/CMSIS/Device/ST/STM32F4xx/Include -I../Drivers/STM32F4xx_HAL_Driver/Inc/Legacy -Ofast -ffunction-sections -fdata-sections -Wall -fstack-usage -MMD -MP -MF"Src/main.d" -MT"Src/main.o" --specs=nano.specs -mfpu=fpv4-sp-d16 -mfloat-abi=hard -mthumb -o "Src/main.o"
arm-none-eabi-g++ -o "F427IIH_Saramander_Hero.elf" @"objects.list"   -mcpu=cortex-m4 -T"C:\Users\ryouma\Documents\GitHub\RoboMaster_Salamander_okadatech\F427IIH_Saramander_Hero\STM32F427IIHX_FLASH.ld" --specs=nosys.specs -Wl,-Map="F427IIH_Saramander_Hero.map" -Wl,--gc-sections -static -u _printf_float --specs=nano.specs -mfpu=fpv4-sp-d16 -mfloat-abi=hard -mthumb -Wl,--start-group -lc -lm -lstdc++ -lsupc++ -Wl,--end-group
Finished building target: F427IIH_Saramander_Hero.elf
 
arm-none-eabi-objdump -h -S  F427IIH_Saramander_Hero.elf  > "F427IIH_Saramander_Hero.list"
arm-none-eabi-size   F427IIH_Saramander_Hero.elf 
   text	   data	    bss	    dec	    hex	filename
  27592	    488	   2824	  30904	   78b8	F427IIH_Saramander_Hero.elf
Finished building: default.size.stdout
 
Finished building: F427IIH_Saramander_Hero.list
 

22:03:51 Build Finished. 0 errors, 0 warnings. (took 6s.367ms)

