20:41:14 **** Build of configuration Debug for project F427IIH_Saramander_Hero ****
make -j4 all 
arm-none-eabi-size   F427IIH_Saramander_Hero.elf 
arm-none-eabi-objcopy  -O ihex  F427IIH_Saramander_Hero.elf  "F427IIH_Saramander_Hero.hex"
arm-none-eabi-objcopy  -O binary  F427IIH_Saramander_Hero.elf  "F427IIH_Saramander_Hero.bin"
   text	   data	    bss	    dec	    hex	filename
  50472	    516	   3380	  54368	   d460	F427IIH_Saramander_Hero.elf
Finished building: default.size.stdout
 
Finished building: F427IIH_Saramander_Hero.hex
Finished building: F427IIH_Saramander_Hero.bin
 
 

20:41:16 Build Finished. 0 errors, 0 warnings. (took 1s.842ms)

